// Jest Snapshot v1, https://goo.gl/fbAQLP

exports[`Color component matches snapshot 1`] = `
<dl>
  <div
    style={
      Object {
        "background": "#FF0000",
        "height": "40px",
        "width": "40px",
      }
    }
  />
  <dt>
    Name
  </dt>
  <dd>
    Red
  </dd>
  <dt>
    Hex
  </dt>
  <dd>
    #FF0000
  </dd>
  <dt>
    RGB
  </dt>
  <dd>
    red: 
    255
  </dd>
  <dd>
    green: 
    0
  </dd>
  <dd>
    blue: 
    0
  </dd>
</dl>
`;
