// Jest Snapshot v1, https://goo.gl/fbAQLP

exports[`Color component matches snapshot 1`] = `
<dl>
  <div
    style={
      Object {
        "background": "#60b2e5",
        "height": "50px",
        "width": "50px",
      }
    }
  />
  <dt>
    Name
  </dt>
  <dd>
    blue
  </dd>
  <dt>
    Hex
  </dt>
  <dd>
    #60b2e5
  </dd>
  <dt>
    RGB
  </dt>
  <dd>
    R: 
    96
  </dd>
  <dd>
    G: 
    178
  </dd>
  <dd>
    B: 
    229
  </dd>
</dl>
`;
