// Jest Snapshot v1, https://goo.gl/fbAQLP

exports[`TextFormatter component matches snapshot 1`] = `
<form>
  <input
    name="text"
    onChange={[Function]}
    type="text"
    value=""
  />
  <input
    name="color"
    onChange={[Function]}
    type="color"
    value="black"
  />
  <p
    style={
      Object {
        "color": "black",
      }
    }
  />
</form>
`;
